1n8z_BAC
1n8z_BAC
1n8z_BAC
1n8z_BAC
1n8z_BAC
1n8z_BAC
1n8z_BAC
1n8z_BAC
